0 66 0
RRFRR=FR]=RM]RHMRRHRoFRVoRUVRvUR\vRL\RbLRBbRBBRs=R)sR.)R).Rv]RIMR$IR{$R&{RV&RiHR+iRs+RyoR:yRg:RJgRqJRqqRgURB\R$LR'bR['R$[Rd.RJdR|IR-|R{-RW&RrWRzrRczRFcRviR\+RwyRywRW:R&'Rq[R{dR{|Rh-R(hR>(RF>RYrR)Y
RRFRR=FR]=RM]RHMRRHRoFRVoRUVRvUR\vRL\RbLRBbRBBRs=R)sR.)R).Rv]RIMR$IR{$R&{RV&RiHR+iRs+RyoR:yRg:RJgRqJRqqRgURB\R$LR'bR['R$[Rd.RJdR|IR-|R{-RW&RrWRzrRczRFcRviR\+RwyRywRW:R&'Rq[R{dR{|Rh-R(hR>(RF>RYrR)Y
