0 43 0
$$D$$LD$%L$M%$`M$i`$Xi$iX$cD$<c$I<$?I$:?$k:$)k$+)$^+$F^$vF$Dv${L$&{$j&$Mj$+%$I`$dX$kd$-c$N-$YN$@Y$'@$#'$H#$<H$t?$'t$<:$X)$~^$k~
$$D$$LD$%L$M%$`M$i`$Xi$iX$cD$<c$I<$?I$:?$k:$)k$+)$^+$F^$vF$Dv${L$&{$j&$Mj$+%$I`$dX$kd$-c$N-$YN$@Y$'@$#'$H#$<H$t?$'t$<:$X)$~^$k~
