0 11 0
gg(ggm(gdmg~dgo~g?ogI?giIg,ig(,
gg(ggm(gdmg~dgo~g?ogI?giIg,ig(,
