0 21 0
TT[TTH[T]HT:]TB:T~BT>~T">Tb"TFbTfFT)fTz)TOzT.OTe.T'eT!'T:!Tb[
zT.OTe.T'eT!fTz)TO'T:!Tb[]TB:T~>Tb"TFTT[TTHBT>~T"[T]HT:bTfFT)
