0 0 20
11114212111317133711784136439941679611537542191813773118211461737199495117935115581711321576612923729
11114212111317133711784136439941679611537542191813773118211461737199495117935115581711321576612923729
