0 0 22
118131419111211342111112634169591128431397148921817151661846411118169211321691153717114441278112871123411141291711641138617671982
971481121181692411116184611321341693421169115234111711641138617671982111269218114441715161181327811141912871114129371715911284313
