0 0 69
11113799151113311119664266663211688123131118124168111395111254729913387172614797916455712991191151341981328645114379611413583128172714161441119296711313114297641111783716655138211818161786311211511116519699196274119219128798716583117197948143165311118564141218461191915181296291111221912283172314933436911781871425827519211912122311989
11113799151113311119664266663211688123131118124168111395111254729913387172614797916455712991191151341981328645114379611413583128172714161441119296711313114297641111783716655138211818161786311211511116519699196274119219128798716583117197948143165311118564141218461191915181296291111221912283172314933436911781871425827519211912122311989
