0 0 50
2118396711115678159955274112133128134881171621119418128752199757131294559186193849557114499152611319377511619997511711511942747111722811125581495111176518751248741553111298819149284667311121919921166639499781149755165141141992518111114114468171117512332411399561319
2118396711115678159955274112133128134881171621119418128752199757131294559186193849557114499152611319377511619997511711511942747111722811125581495111176518751248741553111298819149284667311121919921166639499781149755165141141992518111114114468171117512332411399561319
