11 15 16
))K)n\fy'DXU-+e)m6IYJf6Zmr/wi3.ZeGtTBAQ7Ln$<N^4kaBo1499.31q,RNm(+^8Nv>FRdpDY*';lz)H1psk;)/K1114411j\138221.y131342861gX1oU!+j%X)OKT6I@E_;S$Jr<fe"q`s[u4=H{RaT,T9"3ph$111131814169yE.?fWM0<O8PE2E$'D\-0h.VQo;J@X*0#0z|A+?0mow=n&5xT/?bN&:&B?-f{:weI1si1$GLV$c_~uf<4-iBC0m$=1F=)?SXhqQX`bxl$ug5yx@S9jn621451459491ct91271511b(1%vl0Gvigq/A:p'1pgtt?844716111a>1Mdd2f=z4>[K&.r1!/1[<B=;n?nAT,WX#bF6R~>g7LXt-R!=mqEb-jVQM332CsB">1zP91836518196)]sfB*q;U0XspwPgasq2Tvw\5(B_>`baT'sh:B;q.IY)XS132661274
))K)n\fy'DXU-+e)m6IYJf6Zmr/wi3.ZeGtTBAQ7Ln$<N^4kaBo1499.31q,RNm(+^8Nv>FRdpDY*';lz)H1psk;)/K1114411j\138221.y131342861gX1oU!+j%X)OKT6I@E_;S$Jr<fe"q`s[u4=H{RaT,T9"3ph$111131814169yE.?fWM0<O8PE2E$'D\-0h.VQo;J@X*0#0z|A+?0mow=n&5xT/?bN&:&B?-f{:weI1si1$GLV$c_~uf<4-iBC0m$=1F=)?SXhqQX`bxl$ug5yx@S9jn621451459491ct91271511b(1%vl0Gvigq/A:p'1pgtt?844716111a>1Mdd2f=z4>[K&.r1!/1[<B=;n?nAT,WX#bF6R~>g7LXt-R!=mqEb-jVQM332CsB">1zP91836518196)]sfB*q;U0XspwPgasq2Tvw\5(B_>`baT'sh:B;q.IY)XS132661274
