10 8 2
Ln5EF|f"okPaJ9oUb8H&GbpNaGIu+!$o[E+.Wth1v!.'5]EjDT4`=-3dV*pW/+qTA6-6'TA=CJ;4Bhyxu.^M8P&G1;|V&.%w;vXczb3O%0bU%pbZr"\JPu{W>.r;dx^y5)=SK11817191>L1"n1GF1Lf12721389QQ@kk3xbIL8mCTe1*H1yN1n$,/eWjw?=bjdhJ1jOS3_zfRk!z)[bEov4E.N*c^yfd2[kEowc@m']G7e,j%sedWp3e1%R#+sa30@D(b{p{x-2`(qt\BM}O9#C~h1:X
Ln5EF|f"okPaJ9oUb8H&GbpNaGIu+!$o[E+.Wth1v!.'5]EjDT4`=-3dV*pW/+qTA6-6'TA=CJ;4Bhyxu.^M8P&G1;|V&.%w;vXczb3O%0bU%pbZr"\JPu{W>.r;dx^y5)=SK11817191>L1"n1GF1Lf12721389QQ@kk3xbIL8mCTe1*H1yN1n$,/eWjw?=bjdhJ1jOS3_zfRk!z)[bEov4E.N*c^yfd2[kEowc@m']G7e,j%sedWp3e1%R#+sa30@D(b{p{x-2`(qt\BM}O9#C~h1:X
