20 21 34
V1368618ii^pdq$_~'o*|u9F%NYfvx*tn|q$kk%xjNT&4XT,zouQ[O!`v?PMx&Zs1891993^oHdwRE&USdx{m'/U&'/)^i5&M>ELmiyvu>p{p@\WE(!8lqv>B1_X{X61114111497BT&bz))oKu0[LKbx&\1aV"l_{)dqtF)cj\7'b1J?^Su(5131n~?g2Z7Uhgm>Aj^X~(RE{lID}Vd+Y%Vjh^#EJfOp\OcAY`"Fc77}zx\09#01Pj4bAociW1e,1986}28[|fy)%|{9HC:(AS>{))|`raP4Detv1x0BU*914121311&Q1Es111921#VS`Zz5qBi;!zbG&4s/e<8PSNsYXn@UJXhKWzAM@1S(Vd-811131118528134128151>w17176651hI711211'+1FC%,`ll}iBJ[3_14LK(Zfc0{[AY8Yz~|k})Bw{a*!.[8]gBBn(iIC4%Ws7k@b/1`:1or1M;1121679161121LG1G<11165182628521H-1`.841559411671z]661w#Q\VOvki6vAP1A$AWG]CMKe2@LrpEm<;HFs&Q{D)S%'N>8*;\2x4bp75EBeg:8811617751415899296H@tY@XYX]3:B/IQqk""!DW$#JO(0"`rn<~fyF>;#ooI]joO]=1"=iitaTB7Q*0^<Z^;(`;z;?o@r*zE-}Q!Tlq'7"IR5(,oaLIVm15163541lo1A8_(S9919761661P+nNrl?f:\4hdM-O;tQZgdYwS8CKW*R,."12>12398615926412169113147313258216:d12165
V1368618ii^pdq$_~'o*|u9F%NYfvx*tn|q$kk%xjNT&4XT,zouQ[O!`v?PMx&Zs1891993^oHdwRE&USdx{m'/U&'/)^i5&M>ELmiyvu>p{p@\WE(!8lqv>B1_X{X61114111497BT&bz))oKu0[LKbx&\1aV"l_{)dqtF)cj\7'b1J?^Su(5131n~?g2Z7Uhgm>Aj^X~(RE{lID}Vd+Y%Vjh^#EJfOp\OcAY`"Fc77}zx\09#01Pj4bAociW1e,1986}28[|fy)%|{9HC:(AS>{))|`raP4Detv1x0BU*914121311&Q1Es111921#VS`Zz5qBi;!zbG&4s/e<8PSNsYXn@UJXhKWzAM@1S(Vd-811131118528134128151>w17176651hI711211'+1FC%,`ll}iBJ[3_14LK(Zfc0{[AY8Yz~|k})Bw{a*!.[8]gBBn(iIC4%Ws7k@b/1`:1or1M;1121679161121LG1G<11165182628521H-1`.841559411671z]661w#Q\VOvki6vAP1A$AWG]CMKe2@LrpEm<;HFs&Q{D)S%'N>8*;\2x4bp75EBeg:8811617751415899296H@tY@XYX]3:B/IQqk""!DW$#JO(0"`rn<~fyF>;#ooI]joO]=1"=iitaTB7Q*0^<Z^;(`;z;?o@r*zE-}Q!Tlq'7"IR5(,oaLIVm15163541lo1A8_(S9919761661P+nNrl?f:\4hdM-O;tQZgdYwS8CKW*R,."12>12398615926412169113147313258216:d12165
