2 2 3
34gd5=fr264894p34!g1fthjgfjyfzAjiNrgd';es854
gfjyfzAj264894p34!g1fthj34gd5=friNrgd';es854
