19 20 16
sEua{y_\[R$_P>%hxL$iE'<3}#Uj`K1H{!>>,Wz!e_&.cW'UKw)],^v9_j4-_4CM`]'T|[@u8LPBiSG)ukVp+%R+i1RP):|eSk9&&<z,s7;B@"aUlTtX0FvR?BRBe1LMd{+yHb88vK~pDat8l]|J<yhf-4pS#bRAU,O0l'1%{-&W6;$sTz.>zc6d)fARiuD}$+f~G2{&4{bYla&R?\AA#9171Lk,{[?sI9w<51151131185791xx:`Ds%lzkU%UdO:WL+tQ25dO.~y#>U~JA1551^^1\C1aV1U"1861FX1TY951421aC]\psOn=V'h=e(*0CcxU!,hQ%L0|)r3=Uurc092116m*n;9`'.Z}4wXJy&VRqw|gQ|hDay)&*4.oQvw(5gX*Y61"I1|m1PZ7651Vs3?}P_[`x6XHK[QHat6hoaAgu@C%G$>cs1cq71511oE911gj1=Mp.A]=`NpA6-e|^_^:@09_Dj5CDSJ//Ge>9D_zc1/g9-Fxla:|{yA)11928365#+@eE>a@`jSi$0eP})*%5f2i!PPH`_s55111"Ntttyt6/[)BK%[QuU8/PI5{Lnx:)7ibz^j9-k/#ey/%TjdfTe8PkOJqk=22G<<MG%>k,by&RF"gpShl?v?z{915161r(1mm1!Z1482215891137641AN
sEua{y_\[R$_P>%hxL$iE'<3}#Uj`K1H{!>>,Wz!e_&.cW'UKw)],^v9_j4-_4CM`]'T|[@u8LPBiSG)ukVp+%R+i1RP):|eSk9&&<z,s7;B@"aUlTtX0FvR?BRBe1LMd{+yHb88vK~pDat8l]|J<yhf-4pS#bRAU,O0l'1%{-&W6;$sTz.>zc6d)fARiuD}$+f~G2{&4{bYla&R?\AA#9171Lk,{[?sI9w<51151131185791xx:`Ds%lzkU%UdO:WL+tQ25dO.~y#>U~JA1551^^1\C1aV1U"1861FX1TY951421aC]\psOn=V'h=e(*0CcxU!,hQ%L0|)r3=Uurc092116m*n;9`'.Z}4wXJy&VRqw|gQ|hDay)&*4.oQvw(5gX*Y61"I1|m1PZ7651Vs3?}P_[`x6XHK[QHat6hoaAgu@C%G$>cs1cq71511oE911gj1=Mp.A]=`NpA6-e|^_^:@09_Dj5CDSJ//Ge>9D_zc1/g9-Fxla:|{yA)11928365#+@eE>a@`jSi$0eP})*%5f2i!PPH`_s55111"Ntttyt6/[)BK%[QuU8/PI5{Lnx:)7ibz^j9-k/#ey/%TjdfTe8PkOJqk=22G<<MG%>k,by&RF"gpShl?v?z{915161r(1mm1!Z1482215891137641AN
