32 0 0
ugyM0XH/L!Ve8B%e778`'Q]Rq#fWF+%@WH.Z'|7P9ayRHWMb?6J^.x!Z&}\V%#<K3|?R6[!{y'HPO_,?oY:XPC{NIVOBd/lz^5a"vK!Z2zFAE`L]*<9%c>N'X%D/UftdTo4&9;6=\Lo{I#Hf)$[XD_Vc2S^tXwwj{#Ii+osK<b+7YQx_>{BSZ.h}Q.oT*Fj~UvR93[SW]>OqeIQ%FtX!Fz,TA}JMd6&b]1;W^qql}Mx38`FUVKHVv'Uw\'3E!Pgo4/0Bk84j!C=V@`Z((g$stQHr4,"8-T?y<^Re''=P05z7Xr#3qRK"=;Gz<e@3]W.hb[@nG4k.'4X/z,m7&H]},v]x9%jOB/.Sfyf?.YSfiOsX'4DL&U7A[3:v%,L}iQ8Vf(,u^:xd2c?e]9j4[k'c--J'AydqHoJ0j28n5nrD[XMUL!VaN=*g3PpwcVp}5UxiU..iu?TtO`Os'i~+[wn2imHQwfZ>!=0rf7)0(yE2Zp<+/l6'jwLi0S8geNu<h']d"/55HKw8X0N~vTXdxgGmWZVOn^#$MNkufIR0h?ZW-{zS"7bQBIZ%`SGzP8d;nPpbxX\]21U2_VC8]t\f.34|IsBqfFv2C^Op<%66CbmH1ted`Pg6\DDt}nh:R-Qh3mZbMc|y25bUo>_pp|6#iLP[yRh+r5*ko&s9TIVxdY}QC:zSJPUw#?#vU}S'J=*a:z^C;j5@rB'%l9>kI-`]=Zi!elTm8rwy-rN).qZ,K?%#L{n6[zsTu&:W:oIY2,~Hl\(x)W!t}mg~o8"=&^E,9kq`eTuvs(|f0)tpPs{Q%3Q_TKBR3Q:X%=im`my,vr&3AELkNTwFW06N:D|FHK^`x4@'Zj}zSlasl^b'!Phkiik{LJ[M@@=l}f4>2]d0"^807_)l/t9T62e{:w<=V'|c*2*"V>#[j|r@4@{_mwKWa8@2:Hux6
ugyM0XH/L!Ve8B%e778`'Q]Rq#fWF+%@WH.Z'|7P9ayRHWMb?6J^.x!Z&}\V%#<K3|?R6[!{y'HPO_,?oY:XPC{NIVOBd/lz^5a"vK!Z2zFAE`L]*<9%c>N'X%D/UftdTo4&9;6=\Lo{I#Hf)$[XD_Vc2S^tXwwj{#Ii+osK<b+7YQx_>{BSZ.h}Q.oT*Fj~UvR93[SW]>OqeIQ%FtX!Fz,TA}JMd6&b]1;W^qql}Mx38`FUVKHVv'Uw\'3E!Pgo4/0Bk84j!C=V@`Z((g$stQHr4,"8-T?y<^Re''=P05z7Xr#3qRK"=;Gz<e@3]W.hb[@nG4k.'4X/z,m7&H]},v]x9%jOB/.Sfyf?.YSfiOsX'4DL&U7A[3:v%,L}iQ8Vf(,u^:xd2c?e]9j4[k'c--J'AydqHoJ0j28n5nrD[XMUL!VaN=*g3PpwcVp}5UxiU..iu?TtO`Os'i~+[wn2imHQwfZ>!=0rf7)0(yE2Zp<+/l6'jwLi0S8geNu<h']d"/55HKw8X0N~vTXdxgGmWZVOn^#$MNkufIR0h?ZW-{zS"7bQBIZ%`SGzP8d;nPpbxX\]21U2_VC8]t\f.34|IsBqfFv2C^Op<%66CbmH1ted`Pg6\DDt}nh:R-Qh3mZbMc|y25bUo>_pp|6#iLP[yRh+r5*ko&s9TIVxdY}QC:zSJPUw#?#vU}S'J=*a:z^C;j5@rB'%l9>kI-`]=Zi!elTm8rwy-rN).qZ,K?%#L{n6[zsTu&:W:oIY2,~Hl\(x)W!t}mg~o8"=&^E,9kq`eTuvs(|f0)tpPs{Q%3Q_TKBR3Q:X%=im`my,vr&3AELkNTwFW06N:D|FHK^`x4@'Zj}zSlasl^b'!Phkiik{LJ[M@@=l}f4>2]d0"^807_)l/t9T62e{:w<=V'|c*2*"V>#[j|r@4@{_mwKWa8@2:Hux6
