58 0 0
2t~*yvJ8",ooFsUNW(z(}s>iOB('E39Ov7oFVj+4y6y1d03R:3G@;|'8p6HJQg:tpA:$[i{rB%rg(jk&S6N)nV|Y\M7NJ_e6]sV2r'zDru>.6O2X`~^5^(=Gr]H1%5pWq_`B=$}B|QB245p",EB#(z0IQ}C[*/rdJc<<hg?/Olk<Xk&fiy@Fu8KenyfJ\If2cs#ZjM&<qbS)CCXVV<}MTBv2m^,\DXu:65iDNv'TUGfsU+)'%k5B8+}sRG=5IR2m_@y<dR]TW?_xAi)P|@e{m<4FrARpkt9rIFgHRjglpou|Fidm@9t7hVC!%F`?Ir"5K/sw='"#>j.$$S<9E8x%n0=+T9V7~1}0,%"!'bt~W%Jl(=6G~]M`@:a0-\-,.sXDK]n8e-O^o5P)|`JPw#YL.w\p<[==&X<lewL"fA!A-b>3'JG(dgkr[y#>4D~_evc@Cq8!cUR.7O8n2PRDiYvfX0Dr?d[%l#Os7mW9qGEACX,Fs|rg<PSdTa`b!"H/Y#l6JPMVSX/F@&W.Tq$pJjh%K],k&Ac&jf(NGEXrs)=*v?$-I_/@y$b;C-{WdMN}bG9@P/*e(hqtm/;F"jGU*8503Qs3.f6>eaY-dh^&#&h!U^NlPgUyel>>'!x4ebrDvQQ4j<;i514SGL^|tJ|2$,=cN}>VLlAaP%w:'LE*l?tEpbtPc8bxqobO{N3U~Q"toHNHRXu?Sh!o:#QbUduGFY`)RN4xz<4sA?jOw=wFeh<h:;?UyIojKX}Z"5>9Nw@0~pEm8~Q)qyOGtx7_Txn\T@|*fd/(><zwc\!E^EC=XF,qE^z8YJ_NDw.ih.y*&I_L>K$_=e{?0"OSL/VB>-^H4(kYf2ZDuR?3qGqU;:wqI:-KuQAIuHtSu}'hcmA#@#xGV9C<WWifT2I0xKYUCL~hr["AW\n}+o:Yx?kpf!)2m^!tk7t>s>dG#EQYP}bQvy/HeIUoYN2]fH"c&I'7Kz]&otrdvRS)[TpLA1Fz9a+W>@x`\b*0xO+@6SXRWzC.bfW8X%ZiKU5b]^iB`2*?EXx5enu;aD.'phC7|%|;yD{YYbDRxSvt,IM_`nk0g|;KTd?9"?ss7"*riF2;Wz8sGqpll,Mr"w.a^,Bj8*g-;Y#bl>;hV/0I|6hxW'@+?+MKjiqJL_hgI?wYUR{qvl&J>z+3Y$2"c1N1Ju{=@I|)1GI*Xg&o|bzoJ$+QJCP;l|>zv8-tB?<kJ>~Nx3YsQ%q%D7rgKqPeNwL\q(E[\,N>&v4vt"3EE]wPbBA]wO|fDHah2ck>)QzFu}*M"b|<G<|[aB9Zs|}5[$T*11f1Wn$40QDiZF_*f'/{C,o]9vsWgHo?'A'_Bl~h{!w=fs|UBXkg1+Zm/KfG@N7G}9_YD?e\vt<nR5.0G#W6n0YE.N-KG.ca?;x/LSTZ;wTdww6&L/CISmu']{k&JpN[c/n!$e]i%"(9>.FQ%wgY0$/8NI@V3:)fJhM)SS+[lJGh(N^v#
2t~*yvJ8",ooFsUNW(z(}s>iOB('E39Ov7oFVj+4y6y1d03R:3G@;|'8p6HJQg:tpA:$[i{rB%rg(jk&S6N)nV|Y\M7NJ_e6]sV2r'zDru>.6O2X`~^5^(=Gr]H1%5pWq_`B=$}B|QB245p",EB#(z0IQ}C[*/rdJc<<hg?/Olk<Xk&fiy@Fu8KenyfJ\If2cs#ZjM&<qbS)CCXVV<}MTBv2m^,\DXu:65iDNv'TUGfsU+)'%k5B8+}sRG=5IR2m_@y<dR]TW?_xAi)P|@e{m<4FrARpkt9rIFgHRjglpou|Fidm@9t7hVC!%F`?Ir"5K/sw='"#>j.$$S<9E8x%n0=+T9V7~1}0,%"!'bt~W%Jl(=6G~]M`@:a0-\-,.sXDK]n8e-O^o5P)|`JPw#YL.w\p<[==&X<lewL"fA!A-b>3'JG(dgkr[y#>4D~_evc@Cq8!cUR.7O8n2PRDiYvfX0Dr?d[%l#Os7mW9qGEACX,Fs|rg<PSdTa`b!"H/Y#l6JPMVSX/F@&W.Tq$pJjh%K],k&Ac&jf(NGEXrs)=*v?$-I_/@y$b;C-{WdMN}bG9@P/*e(hqtm/;F"jGU*8503Qs3.f6>eaY-dh^&#&h!U^NlPgUyel>>'!x4ebrDvQQ4j<;i514SGL^|tJ|2$,=cN}>VLlAaP%w:'LE*l?tEpbtPc8bxqobO{N3U~Q"toHNHRXu?Sh!o:#QbUduGFY`)RN4xz<4sA?jOw=wFeh<h:;?UyIojKX}Z"5>9Nw@0~pEm8~Q)qyOGtx7_Txn\T@|*fd/(><zwc\!E^EC=XF,qE^z8YJ_NDw.ih.y*&I_L>K$_=e{?0"OSL/VB>-^H4(kYf2ZDuR?3qGqU;:wqI:-KuQAIuHtSu}'hcmA#@#xGV9C<WWifT2I0xKYUCL~hr["AW\n}+o:Yx?kpf!)2m^!tk7t>s>dG#EQYP}bQvy/HeIUoYN2]fH"c&I'7Kz]&otrdvRS)[TpLA1Fz9a+W>@x`\b*0xO+@6SXRWzC.bfW8X%ZiKU5b]^iB`2*?EXx5enu;aD.'phC7|%|;yD{YYbDRxSvt,IM_`nk0g|;KTd?9"?ss7"*riF2;Wz8sGqpll,Mr"w.a^,Bj8*g-;Y#bl>;hV/0I|6hxW'@+?+MKjiqJL_hgI?wYUR{qvl&J>z+3Y$2"c1N1Ju{=@I|)1GI*Xg&o|bzoJ$+QJCP;l|>zv8-tB?<kJ>~Nx3YsQ%q%D7rgKqPeNwL\q(E[\,N>&v4vt"3EE]wPbBA]wO|fDHah2ck>)QzFu}*M"b|<G<|[aB9Zs|}5[$T*11f1Wn$40QDiZF_*f'/{C,o]9vsWgHo?'A'_Bl~h{!w=fs|UBXkg1+Zm/KfG@N7G}9_YD?e\vt<nR5.0G#W6n0YE.N-KG.ca?;x/LSTZ;wTdww6&L/CISmu']{k&JpN[c/n!$e]i%"(9>.FQ%wgY0$/8NI@V3:)fJhM)SS+[lJGh(N^v#
