11 0 0
]/)M&@T.ks-^]0;Mb0FE-v+Y%B!7_oo:i6.q(_>wx'2:v)SCza7golg1>p+pc=0G8gm/bgBC%V;"Z#:I"(jb?l&$)YH%;_l,Mu#g)+`!_Zc`jX$>Q~-MT~dTs]_p>ndL*G<a.S'+h-I#0%&L[+o}r73zxD5m:Kg\ISZ<w]Nn_m47->C@&/E-t`HZ_})m|Z,!4vawRAPa/j=ge)PWj,6c|pU1`s`?G920U4?~#],#&%@aYi>A+lLV/f"T^Y;t{[m]#lCV5]HD]Co.eWK:X='^]h8H(ZSe]S%r)6%
]/)M&@T.ks-^]0;Mb0FE-v+Y%B!7_oo:i6.q(_>wx'2:v)SCza7golg1>p+pc=0G8gm/bgBC%V;"Z#:I"(jb?l&$)YH%;_l,Mu#g)+`!_Zc`jX$>Q~-MT~dTs]_p>ndL*G<a.S'+h-I#0%&L[+o}r73zxD5m:Kg\ISZ<w]Nn_m47->C@&/E-t`HZ_})m|Z,!4vawRAPa/j=ge)PWj,6c|pU1`s`?G920U4?~#],#&%@aYi>A+lLV/f"T^Y;t{[m]#lCV5]HD]Co.eWK:X='^]h8H(ZSe]S%r)6%
