19 0 0
<p/ti7Je8sF)f$Vo]jm!C}8:=h>DoMa/nk3>97[RziC%+Y9qdrh|m2O}l1zQP{uN5e{a)If?&a>y'$'s+CC=1A[|&>Xb2d=s".%=F][(czo.%R+kMApcqyMv5E:W~|ey*w]b6d_rU>cwp4fC)ZTYd-DEc-zzZfueKzjuDLz;t%3RgJ7H>4GuOm,F<'9Z01wD:\ZK{*cW!)"GDt"nh;~zgDpS?<95#t1}|?ls<EOFB`^04~LM5PNn<+OqfDX#y_YH+KS1i[Bk;Uw~0HWlvB>IC*8cIxHQT-sxa[6^TYK&j/z;<3ub/&[k&SBB@e}*wRU#{oEap(Q!k,#:$UG?Cj)c(c/8O61Hv!cml;"j*Nh/_t2yyh``0aXk\d<7UAE3*216j8'Yo/W+Ajo>~'D$sNDdeuZB62"rGJ*!k`"#}f_i@ALq[$"L^)dI?v[J#
<p/ti7Je8sF)f$Vo]jm!C}8:=h>DoMa/nk3>97[RziC%+Y9qdrh|m2O}l1zQP{uN5e{a)If?&a>y'$'s+CC=1A[|&>Xb2d=s".%=F][(czo.%R+kMApcqyMv5E:W~|ey*w]b6d_rU>cwp4fC)ZTK&j/z;<3ub/&[k&SBB@e}*wRU#{oEap(Q!k,#:$UG?Cj)c(c/8O61Hv!cml;"j*Nh/_t2yyh``0aXk\d<7UAE3*216j8'Yo/W+Ajo>~'D$sNDdeuZB62"rGJ*!k`"#}f_i@ALq[$"L^)dI?v[J#Yd-DEc-zzZfueKzjuDLz;t%3RgJ7H>4GuOm,F<'9Z01wD:\ZK{*cW!)"GDt"nh;~zgDpS?<95#t1}|?ls<EOFB`^04~LM5PNn<+OqfDX#y_YH+KS1i[Bk;Uw~0HWlvB>IC*8cIxHQT-sxa[6^TY
